[0.096s] DEBUG:colcon:Command line arguments: ['/usr/bin/colcon', 'build', '--symlink-install', '--packages-select', 'rover_status']
[0.096s] DEBUG:colcon:Parsed command line arguments: Namespace(log_base=None, log_level=None, verb_name='build', build_base='build', install_base='install', merge_install=False, symlink_install=True, test_result_base=None, continue_on_error=False, executor='parallel', parallel_workers=24, event_handlers=None, ignore_user_meta=False, metas=['./colcon.meta'], base_paths=['.'], packages_ignore=None, packages_ignore_regex=None, paths=None, packages_up_to=None, packages_up_to_regex=None, packages_above=None, packages_above_and_dependencies=None, packages_above_depth=None, packages_select_by_dep=None, packages_skip_by_dep=None, packages_skip_up_to=None, packages_select_build_failed=False, packages_skip_build_finished=False, packages_select_test_failures=False, packages_skip_test_passed=False, packages_select=['rover_status'], packages_skip=None, packages_select_regex=None, packages_skip_regex=None, packages_start=None, packages_end=None, allow_overriding=[], cmake_args=None, cmake_target=None, cmake_target_skip_unavailable=False, cmake_clean_cache=False, cmake_clean_first=False, cmake_force_configure=False, ament_cmake_args=None, catkin_cmake_args=None, catkin_skip_building_tests=False, mixin_files=None, mixin=None, verb_parser=<colcon_mixin.mixin.mixin_argument.MixinArgumentDecorator object at 0x7fc161231f60>, verb_extension=<colcon_core.verb.build.BuildVerb object at 0x7fc1613a76d0>, main=<bound method BuildVerb.main of <colcon_core.verb.build.BuildVerb object at 0x7fc1613a76d0>>, mixin_verb=('build',))
[0.170s] Level 1:colcon.colcon_core.package_discovery:discover_packages(colcon_meta) check parameters
[0.170s] Level 1:colcon.colcon_core.package_discovery:discover_packages(recursive) check parameters
[0.170s] Level 1:colcon.colcon_core.package_discovery:discover_packages(ignore) check parameters
[0.170s] Level 1:colcon.colcon_core.package_discovery:discover_packages(path) check parameters
[0.170s] Level 1:colcon.colcon_core.package_discovery:discover_packages(colcon_meta) discover
[0.170s] Level 1:colcon.colcon_core.package_discovery:discover_packages(recursive) discover
[0.170s] INFO:colcon.colcon_core.package_discovery:Crawling recursively for packages in '/home/sai/MRT_Assignments/2/ros2_ws/src'
[0.170s] Level 1:colcon.colcon_core.package_identification:_identify(.) by extensions ['ignore', 'ignore_ament_install']
[0.170s] Level 1:colcon.colcon_core.package_identification:_identify(.) by extension 'ignore'
[0.170s] Level 1:colcon.colcon_core.package_identification:_identify(.) by extension 'ignore_ament_install'
[0.170s] Level 1:colcon.colcon_core.package_identification:_identify(.) by extensions ['colcon_pkg']
[0.171s] Level 1:colcon.colcon_core.package_identification:_identify(.) by extension 'colcon_pkg'
[0.171s] Level 1:colcon.colcon_core.package_identification:_identify(.) by extensions ['colcon_meta']
[0.171s] Level 1:colcon.colcon_core.package_identification:_identify(.) by extension 'colcon_meta'
[0.171s] Level 1:colcon.colcon_core.package_identification:_identify(.) by extensions ['ros']
[0.171s] Level 1:colcon.colcon_core.package_identification:_identify(.) by extension 'ros'
[0.176s] Level 1:colcon.colcon_core.package_identification:_identify(.) by extensions ['cmake', 'python']
[0.176s] Level 1:colcon.colcon_core.package_identification:_identify(.) by extension 'cmake'
[0.176s] Level 1:colcon.colcon_core.package_identification:_identify(.) by extension 'python'
[0.176s] Level 1:colcon.colcon_core.package_identification:_identify(.) by extensions ['python_setup_py']
[0.176s] Level 1:colcon.colcon_core.package_identification:_identify(.) by extension 'python_setup_py'
[0.176s] Level 1:colcon.colcon_core.package_identification:_identify(build) by extensions ['ignore', 'ignore_ament_install']
[0.176s] Level 1:colcon.colcon_core.package_identification:_identify(build) by extension 'ignore'
[0.176s] Level 1:colcon.colcon_core.package_identification:_identify(build) ignored
[0.176s] Level 1:colcon.colcon_core.package_identification:_identify(install) by extensions ['ignore', 'ignore_ament_install']
[0.176s] Level 1:colcon.colcon_core.package_identification:_identify(install) by extension 'ignore'
[0.176s] Level 1:colcon.colcon_core.package_identification:_identify(install) ignored
[0.176s] Level 1:colcon.colcon_core.package_identification:_identify(log) by extensions ['ignore', 'ignore_ament_install']
[0.176s] Level 1:colcon.colcon_core.package_identification:_identify(log) by extension 'ignore'
[0.176s] Level 1:colcon.colcon_core.package_identification:_identify(log) ignored
[0.177s] Level 1:colcon.colcon_core.package_identification:_identify(rover_odometry) by extensions ['ignore', 'ignore_ament_install']
[0.177s] Level 1:colcon.colcon_core.package_identification:_identify(rover_odometry) by extension 'ignore'
[0.177s] Level 1:colcon.colcon_core.package_identification:_identify(rover_odometry) by extension 'ignore_ament_install'
[0.177s] Level 1:colcon.colcon_core.package_identification:_identify(rover_odometry) by extensions ['colcon_pkg']
[0.177s] Level 1:colcon.colcon_core.package_identification:_identify(rover_odometry) by extension 'colcon_pkg'
[0.177s] Level 1:colcon.colcon_core.package_identification:_identify(rover_odometry) by extensions ['colcon_meta']
[0.177s] Level 1:colcon.colcon_core.package_identification:_identify(rover_odometry) by extension 'colcon_meta'
[0.177s] Level 1:colcon.colcon_core.package_identification:_identify(rover_odometry) by extensions ['ros']
[0.177s] Level 1:colcon.colcon_core.package_identification:_identify(rover_odometry) by extension 'ros'
[0.178s] DEBUG:colcon.colcon_core.package_identification:Package 'rover_odometry' with type 'ros.ament_python' and name 'rover_odometry'
[0.178s] Level 1:colcon.colcon_core.package_identification:_identify(rover_status) by extensions ['ignore', 'ignore_ament_install']
[0.178s] Level 1:colcon.colcon_core.package_identification:_identify(rover_status) by extension 'ignore'
[0.178s] Level 1:colcon.colcon_core.package_identification:_identify(rover_status) by extension 'ignore_ament_install'
[0.178s] Level 1:colcon.colcon_core.package_identification:_identify(rover_status) by extensions ['colcon_pkg']
[0.178s] Level 1:colcon.colcon_core.package_identification:_identify(rover_status) by extension 'colcon_pkg'
[0.178s] Level 1:colcon.colcon_core.package_identification:_identify(rover_status) by extensions ['colcon_meta']
[0.178s] Level 1:colcon.colcon_core.package_identification:_identify(rover_status) by extension 'colcon_meta'
[0.178s] Level 1:colcon.colcon_core.package_identification:_identify(rover_status) by extensions ['ros']
[0.178s] Level 1:colcon.colcon_core.package_identification:_identify(rover_status) by extension 'ros'
[0.178s] DEBUG:colcon.colcon_core.package_identification:Package 'rover_status' with type 'ros.catkin' and name 'rover_status'
[0.178s] Level 1:colcon.colcon_core.package_identification:_identify(walle) by extensions ['ignore', 'ignore_ament_install']
[0.178s] Level 1:colcon.colcon_core.package_identification:_identify(walle) by extension 'ignore'
[0.179s] Level 1:colcon.colcon_core.package_identification:_identify(walle) by extension 'ignore_ament_install'
[0.179s] Level 1:colcon.colcon_core.package_identification:_identify(walle) by extensions ['colcon_pkg']
[0.179s] Level 1:colcon.colcon_core.package_identification:_identify(walle) by extension 'colcon_pkg'
[0.179s] Level 1:colcon.colcon_core.package_identification:_identify(walle) by extensions ['colcon_meta']
[0.179s] Level 1:colcon.colcon_core.package_identification:_identify(walle) by extension 'colcon_meta'
[0.179s] Level 1:colcon.colcon_core.package_identification:_identify(walle) by extensions ['ros']
[0.179s] Level 1:colcon.colcon_core.package_identification:_identify(walle) by extension 'ros'
[0.179s] DEBUG:colcon.colcon_core.package_identification:Package 'walle' with type 'ros.ament_python' and name 'walle'
[0.179s] Level 1:colcon.colcon_core.package_discovery:discover_packages(recursive) using defaults
[0.179s] Level 1:colcon.colcon_core.package_discovery:discover_packages(ignore) discover
[0.179s] Level 1:colcon.colcon_core.package_discovery:discover_packages(ignore) using defaults
[0.179s] Level 1:colcon.colcon_core.package_discovery:discover_packages(path) discover
[0.179s] Level 1:colcon.colcon_core.package_discovery:discover_packages(path) using defaults
[0.189s] INFO:colcon.colcon_core.package_selection:Skipping not selected package 'rover_odometry' in 'rover_odometry'
[0.189s] INFO:colcon.colcon_core.package_selection:Skipping not selected package 'walle' in 'walle'
[0.189s] Level 1:colcon.colcon_core.package_discovery:discover_packages(prefix_path) check parameters
[0.189s] Level 1:colcon.colcon_core.package_discovery:discover_packages(prefix_path) discover
[0.198s] DEBUG:colcon.colcon_installed_package_information.package_discovery:Found 2 installed packages in /home/sai/MRT_Assignments/2/ros2_ws/install
[0.199s] DEBUG:colcon.colcon_installed_package_information.package_discovery:Found 270 installed packages in /opt/ros/humble
[0.199s] Level 1:colcon.colcon_core.package_discovery:discover_packages(prefix_path) using defaults
[0.214s] Level 5:colcon.colcon_core.verb:set package 'rover_status' build argument 'cmake_args' from command line to 'None'
[0.214s] Level 5:colcon.colcon_core.verb:set package 'rover_status' build argument 'cmake_target' from command line to 'None'
[0.214s] Level 5:colcon.colcon_core.verb:set package 'rover_status' build argument 'cmake_target_skip_unavailable' from command line to 'False'
[0.214s] Level 5:colcon.colcon_core.verb:set package 'rover_status' build argument 'cmake_clean_cache' from command line to 'False'
[0.214s] Level 5:colcon.colcon_core.verb:set package 'rover_status' build argument 'cmake_clean_first' from command line to 'False'
[0.214s] Level 5:colcon.colcon_core.verb:set package 'rover_status' build argument 'cmake_force_configure' from command line to 'False'
[0.214s] Level 5:colcon.colcon_core.verb:set package 'rover_status' build argument 'ament_cmake_args' from command line to 'None'
[0.214s] Level 5:colcon.colcon_core.verb:set package 'rover_status' build argument 'catkin_cmake_args' from command line to 'None'
[0.214s] Level 5:colcon.colcon_core.verb:set package 'rover_status' build argument 'catkin_skip_building_tests' from command line to 'False'
[0.214s] DEBUG:colcon.colcon_core.verb:Building package 'rover_status' with the following arguments: {'ament_cmake_args': None, 'build_base': '/home/sai/MRT_Assignments/2/ros2_ws/src/build/rover_status', 'catkin_cmake_args': None, 'catkin_skip_building_tests': False, 'cmake_args': None, 'cmake_clean_cache': False, 'cmake_clean_first': False, 'cmake_force_configure': False, 'cmake_target': None, 'cmake_target_skip_unavailable': False, 'install_base': '/home/sai/MRT_Assignments/2/ros2_ws/src/install/rover_status', 'merge_install': False, 'path': '/home/sai/MRT_Assignments/2/ros2_ws/src/rover_status', 'symlink_install': True, 'test_result_base': None}
[0.214s] INFO:colcon.colcon_core.executor:Executing jobs using 'parallel' executor
[0.215s] DEBUG:colcon.colcon_parallel_executor.executor.parallel:run_until_complete
[0.215s] INFO:colcon.colcon_ros.task.catkin.build:Building ROS package in '/home/sai/MRT_Assignments/2/ros2_ws/src/rover_status' with build type 'catkin'
[0.215s] INFO:colcon.colcon_cmake.task.cmake.build:Building CMake package in '/home/sai/MRT_Assignments/2/ros2_ws/src/rover_status'
[0.216s] INFO:colcon.colcon_core.plugin_system:Skipping extension 'colcon_core.shell.bat': Not used on non-Windows systems
[0.217s] INFO:colcon.colcon_core.shell:Skip shell extension 'powershell' for command environment: Not usable outside of PowerShell
[0.217s] DEBUG:colcon.colcon_core.shell:Skip shell extension 'dsv' for command environment
[0.224s] DEBUG:colcon.colcon_core.event_handler.log_command:Invoking command in '/home/sai/MRT_Assignments/2/ros2_ws/src/build/rover_status': /usr/bin/cmake /home/sai/MRT_Assignments/2/ros2_ws/src/rover_status -DCATKIN_INSTALL_INTO_PREFIX_ROOT=0 -DCATKIN_SYMLINK_INSTALL=ON -DCMAKE_INSTALL_PREFIX=/home/sai/MRT_Assignments/2/ros2_ws/src/install/rover_status
[1.170s] DEBUG:colcon.colcon_core.event_handler.log_command:Invoked command in '/home/sai/MRT_Assignments/2/ros2_ws/src/build/rover_status' returned '0': /usr/bin/cmake /home/sai/MRT_Assignments/2/ros2_ws/src/rover_status -DCATKIN_INSTALL_INTO_PREFIX_ROOT=0 -DCATKIN_SYMLINK_INSTALL=ON -DCMAKE_INSTALL_PREFIX=/home/sai/MRT_Assignments/2/ros2_ws/src/install/rover_status
[1.171s] DEBUG:colcon.colcon_core.event_handler.log_command:Invoking command in '/home/sai/MRT_Assignments/2/ros2_ws/src/build/rover_status': /usr/bin/cmake --build /home/sai/MRT_Assignments/2/ros2_ws/src/build/rover_status -- -j24 -l24
[1.189s] DEBUG:colcon.colcon_core.event_handler.log_command:Invoked command in '/home/sai/MRT_Assignments/2/ros2_ws/src/build/rover_status' returned '0': /usr/bin/cmake --build /home/sai/MRT_Assignments/2/ros2_ws/src/build/rover_status -- -j24 -l24
[1.212s] DEBUG:colcon.colcon_core.event_handler.log_command:Invoking command in '/home/sai/MRT_Assignments/2/ros2_ws/src/build/rover_status': /usr/bin/cmake --install /home/sai/MRT_Assignments/2/ros2_ws/src/build/rover_status
[1.223s] DEBUG:colcon.colcon_core.event_handler.log_command:Invoked command in '/home/sai/MRT_Assignments/2/ros2_ws/src/build/rover_status' returned '0': /usr/bin/cmake --install /home/sai/MRT_Assignments/2/ros2_ws/src/build/rover_status
[1.234s] Level 1:colcon.colcon_core.shell:create_environment_hook('rover_status', 'ros_package_path')
[1.234s] INFO:colcon.colcon_core.shell:Creating environment hook '/home/sai/MRT_Assignments/2/ros2_ws/src/install/rover_status/share/rover_status/hook/ros_package_path.ps1'
[1.234s] INFO:colcon.colcon_core.shell:Creating environment descriptor '/home/sai/MRT_Assignments/2/ros2_ws/src/install/rover_status/share/rover_status/hook/ros_package_path.dsv'
[1.235s] INFO:colcon.colcon_core.shell:Creating environment hook '/home/sai/MRT_Assignments/2/ros2_ws/src/install/rover_status/share/rover_status/hook/ros_package_path.sh'
[1.235s] Level 1:colcon.colcon_core.shell:create_environment_hook('rover_status', 'pkg_config_path')
[1.235s] INFO:colcon.colcon_core.shell:Creating environment hook '/home/sai/MRT_Assignments/2/ros2_ws/src/install/rover_status/share/rover_status/hook/pkg_config_path.ps1'
[1.235s] INFO:colcon.colcon_core.shell:Creating environment descriptor '/home/sai/MRT_Assignments/2/ros2_ws/src/install/rover_status/share/rover_status/hook/pkg_config_path.dsv'
[1.236s] INFO:colcon.colcon_core.shell:Creating environment hook '/home/sai/MRT_Assignments/2/ros2_ws/src/install/rover_status/share/rover_status/hook/pkg_config_path.sh'
[1.237s] Level 1:colcon.colcon_core.shell:create_environment_hook('rover_status', 'pkg_config_path_multiarch')
[1.237s] INFO:colcon.colcon_core.shell:Creating environment hook '/home/sai/MRT_Assignments/2/ros2_ws/src/install/rover_status/share/rover_status/hook/pkg_config_path_multiarch.ps1'
[1.237s] INFO:colcon.colcon_core.shell:Creating environment descriptor '/home/sai/MRT_Assignments/2/ros2_ws/src/install/rover_status/share/rover_status/hook/pkg_config_path_multiarch.dsv'
[1.237s] INFO:colcon.colcon_core.shell:Creating environment hook '/home/sai/MRT_Assignments/2/ros2_ws/src/install/rover_status/share/rover_status/hook/pkg_config_path_multiarch.sh'
[1.238s] Level 1:colcon.colcon_core.environment:create_environment_scripts_only(rover_status)
[1.239s] Level 1:colcon.colcon_core.environment:checking '/home/sai/MRT_Assignments/2/ros2_ws/src/install/rover_status' for CMake module files
[1.239s] Level 1:colcon.colcon_core.environment:checking '/home/sai/MRT_Assignments/2/ros2_ws/src/install/rover_status' for CMake config files
[1.239s] Level 1:colcon.colcon_core.shell:create_environment_hook('rover_status', 'cmake_prefix_path')
[1.239s] INFO:colcon.colcon_core.shell:Creating environment hook '/home/sai/MRT_Assignments/2/ros2_ws/src/install/rover_status/share/rover_status/hook/cmake_prefix_path.ps1'
[1.239s] INFO:colcon.colcon_core.shell:Creating environment descriptor '/home/sai/MRT_Assignments/2/ros2_ws/src/install/rover_status/share/rover_status/hook/cmake_prefix_path.dsv'
[1.240s] INFO:colcon.colcon_core.shell:Creating environment hook '/home/sai/MRT_Assignments/2/ros2_ws/src/install/rover_status/share/rover_status/hook/cmake_prefix_path.sh'
[1.240s] Level 1:colcon.colcon_core.environment:checking '/home/sai/MRT_Assignments/2/ros2_ws/src/install/rover_status/bin'
[1.240s] Level 1:colcon.colcon_core.environment:checking '/home/sai/MRT_Assignments/2/ros2_ws/src/install/rover_status/lib/pkgconfig/rover_status.pc'
[1.240s] Level 1:colcon.colcon_core.environment:checking '/home/sai/MRT_Assignments/2/ros2_ws/src/install/rover_status/lib/python3.10/site-packages'
[1.240s] Level 1:colcon.colcon_core.environment:checking '/home/sai/MRT_Assignments/2/ros2_ws/src/install/rover_status/bin'
[1.240s] INFO:colcon.colcon_core.shell:Creating package script '/home/sai/MRT_Assignments/2/ros2_ws/src/install/rover_status/share/rover_status/package.ps1'
[1.241s] INFO:colcon.colcon_core.shell:Creating package descriptor '/home/sai/MRT_Assignments/2/ros2_ws/src/install/rover_status/share/rover_status/package.dsv'
[1.241s] INFO:colcon.colcon_core.shell:Creating package script '/home/sai/MRT_Assignments/2/ros2_ws/src/install/rover_status/share/rover_status/package.sh'
[1.242s] INFO:colcon.colcon_core.shell:Creating package script '/home/sai/MRT_Assignments/2/ros2_ws/src/install/rover_status/share/rover_status/package.bash'
[1.242s] INFO:colcon.colcon_core.shell:Creating package script '/home/sai/MRT_Assignments/2/ros2_ws/src/install/rover_status/share/rover_status/package.zsh'
[1.242s] Level 1:colcon.colcon_core.environment:create_file_with_runtime_dependencies(/home/sai/MRT_Assignments/2/ros2_ws/src/install/rover_status/share/colcon-core/packages/rover_status)
[1.243s] DEBUG:colcon.colcon_parallel_executor.executor.parallel:closing loop
[1.243s] DEBUG:colcon.colcon_parallel_executor.executor.parallel:loop closed
[1.243s] DEBUG:colcon.colcon_parallel_executor.executor.parallel:run_until_complete finished with '0'
[1.243s] DEBUG:colcon.colcon_core.event_reactor:joining thread
[1.270s] INFO:colcon.colcon_core.plugin_system:Skipping extension 'colcon_notification.desktop_notification.notify_send': Could not find 'notify-send'
[1.271s] INFO:colcon.colcon_core.plugin_system:Skipping extension 'colcon_notification.desktop_notification.terminal_notifier': Not used on non-Darwin systems
[1.271s] INFO:colcon.colcon_core.plugin_system:Skipping extension 'colcon_notification.desktop_notification.win32': Not used on non-Windows systems
[1.271s] INFO:colcon.colcon_notification.desktop_notification:Sending desktop notification using 'notify2'
[1.271s] DEBUG:colcon.colcon_notification.desktop_notification.notify2:Failed to initialize notify2: org.freedesktop.DBus.Error.FileNotFound: Failed to connect to socket /run/user/1000/bus: No such file or directory
[1.271s] DEBUG:colcon.colcon_core.event_reactor:joined thread
[1.271s] INFO:colcon.colcon_core.shell:Creating prefix script '/home/sai/MRT_Assignments/2/ros2_ws/src/install/local_setup.ps1'
[1.272s] INFO:colcon.colcon_core.shell:Creating prefix util module '/home/sai/MRT_Assignments/2/ros2_ws/src/install/_local_setup_util_ps1.py'
[1.272s] INFO:colcon.colcon_core.shell:Creating prefix chain script '/home/sai/MRT_Assignments/2/ros2_ws/src/install/setup.ps1'
[1.273s] INFO:colcon.colcon_core.shell:Creating prefix script '/home/sai/MRT_Assignments/2/ros2_ws/src/install/local_setup.sh'
[1.274s] INFO:colcon.colcon_core.shell:Creating prefix util module '/home/sai/MRT_Assignments/2/ros2_ws/src/install/_local_setup_util_sh.py'
[1.274s] INFO:colcon.colcon_core.shell:Creating prefix chain script '/home/sai/MRT_Assignments/2/ros2_ws/src/install/setup.sh'
[1.274s] INFO:colcon.colcon_core.shell:Creating prefix script '/home/sai/MRT_Assignments/2/ros2_ws/src/install/local_setup.bash'
[1.275s] INFO:colcon.colcon_core.shell:Creating prefix chain script '/home/sai/MRT_Assignments/2/ros2_ws/src/install/setup.bash'
[1.275s] INFO:colcon.colcon_core.shell:Creating prefix script '/home/sai/MRT_Assignments/2/ros2_ws/src/install/local_setup.zsh'
[1.275s] INFO:colcon.colcon_core.shell:Creating prefix chain script '/home/sai/MRT_Assignments/2/ros2_ws/src/install/setup.zsh'
