[0.008s] Invoking command in '/home/sai/MRT_Assignments/2/ros2_ws/src/build/rover_status': /usr/bin/cmake /home/sai/MRT_Assignments/2/ros2_ws/src/rover_status -DCATKIN_INSTALL_INTO_PREFIX_ROOT=0 -DCATKIN_SYMLINK_INSTALL=ON -DCMAKE_INSTALL_PREFIX=/home/sai/MRT_Assignments/2/ros2_ws/src/install/rover_status
[0.083s] -- The C compiler identification is GNU 11.4.0
[0.382s] -- The CXX compiler identification is GNU 11.4.0
[0.610s] -- Detecting C compiler ABI info
[0.697s] -- Detecting C compiler ABI info - done
[0.700s] -- Check for working C compiler: /usr/bin/cc - skipped
[0.700s] -- Detecting C compile features
[0.700s] -- Detecting C compile features - done
[0.702s] -- Detecting CXX compiler ABI info
[0.794s] -- Detecting CXX compiler ABI info - done
[0.798s] -- Check for working CXX compiler: /usr/bin/c++ - skipped
[0.798s] -- Detecting CXX compile features
[0.798s] -- Detecting CXX compile features - done
[0.799s] -- Found ament_cmake: 1.3.10 (/opt/ros/humble/share/ament_cmake/cmake)
[0.874s] -- Found Python3: /usr/bin/python3 (found version "3.10.12") found components: Interpreter 
[0.915s] -- Found rclpy: 3.3.14 (/opt/ros/humble/share/rclpy/cmake)
[0.947s] -- Configuring done
[0.950s] -- Generating done
[0.951s] [33mCMake Warning:
[0.951s]   Manually-specified variables were not used by the project:
[0.951s] 
[0.951s]     CATKIN_INSTALL_INTO_PREFIX_ROOT
[0.951s]     CATKIN_SYMLINK_INSTALL
[0.951s] 
[0.951s] [0m
[0.951s] -- Build files have been written to: /home/sai/MRT_Assignments/2/ros2_ws/src/build/rover_status
[0.954s] Invoked command in '/home/sai/MRT_Assignments/2/ros2_ws/src/build/rover_status' returned '0': /usr/bin/cmake /home/sai/MRT_Assignments/2/ros2_ws/src/rover_status -DCATKIN_INSTALL_INTO_PREFIX_ROOT=0 -DCATKIN_SYMLINK_INSTALL=ON -DCMAKE_INSTALL_PREFIX=/home/sai/MRT_Assignments/2/ros2_ws/src/install/rover_status
[0.955s] Invoking command in '/home/sai/MRT_Assignments/2/ros2_ws/src/build/rover_status': /usr/bin/cmake --build /home/sai/MRT_Assignments/2/ros2_ws/src/build/rover_status -- -j24 -l24
[0.973s] Invoked command in '/home/sai/MRT_Assignments/2/ros2_ws/src/build/rover_status' returned '0': /usr/bin/cmake --build /home/sai/MRT_Assignments/2/ros2_ws/src/build/rover_status -- -j24 -l24
[0.996s] Invoking command in '/home/sai/MRT_Assignments/2/ros2_ws/src/build/rover_status': /usr/bin/cmake --install /home/sai/MRT_Assignments/2/ros2_ws/src/build/rover_status
[0.999s] -- Install configuration: ""
[1.000s] -- Installing: /home/sai/MRT_Assignments/2/ros2_ws/src/install/rover_status/share/rover_status/scripts
[1.000s] -- Installing: /home/sai/MRT_Assignments/2/ros2_ws/src/install/rover_status/share/rover_status/scripts/test
[1.000s] -- Installing: /home/sai/MRT_Assignments/2/ros2_ws/src/install/rover_status/share/rover_status/scripts/test/test_flake8.py
[1.000s] -- Installing: /home/sai/MRT_Assignments/2/ros2_ws/src/install/rover_status/share/rover_status/scripts/test/test_pep257.py
[1.000s] -- Installing: /home/sai/MRT_Assignments/2/ros2_ws/src/install/rover_status/share/rover_status/scripts/test/test_copyright.py
[1.000s] -- Installing: /home/sai/MRT_Assignments/2/ros2_ws/src/install/rover_status/share/rover_status/scripts/launch
[1.000s] -- Installing: /home/sai/MRT_Assignments/2/ros2_ws/src/install/rover_status/share/rover_status/scripts/launch/rover_status_launch.py
[1.001s] -- Installing: /home/sai/MRT_Assignments/2/ros2_ws/src/install/rover_status/share/rover_status/scripts/launch/__pycache__
[1.001s] -- Installing: /home/sai/MRT_Assignments/2/ros2_ws/src/install/rover_status/share/rover_status/scripts/launch/__pycache__/launch.cpython-310.pyc
[1.001s] -- Installing: /home/sai/MRT_Assignments/2/ros2_ws/src/install/rover_status/share/rover_status/scripts/setup.py
[1.001s] -- Installing: /home/sai/MRT_Assignments/2/ros2_ws/src/install/rover_status/share/rover_status/scripts/setup.cfg
[1.001s] -- Installing: /home/sai/MRT_Assignments/2/ros2_ws/src/install/rover_status/share/rover_status/scripts/resource
[1.001s] -- Installing: /home/sai/MRT_Assignments/2/ros2_ws/src/install/rover_status/share/rover_status/scripts/resource/rover_status
[1.001s] -- Installing: /home/sai/MRT_Assignments/2/ros2_ws/src/install/rover_status/share/rover_status/scripts/scripts
[1.001s] -- Installing: /home/sai/MRT_Assignments/2/ros2_ws/src/install/rover_status/share/rover_status/scripts/scripts/test
[1.001s] -- Installing: /home/sai/MRT_Assignments/2/ros2_ws/src/install/rover_status/share/rover_status/scripts/scripts/test/test_flake8.py
[1.001s] -- Installing: /home/sai/MRT_Assignments/2/ros2_ws/src/install/rover_status/share/rover_status/scripts/scripts/test/test_pep257.py
[1.001s] -- Installing: /home/sai/MRT_Assignments/2/ros2_ws/src/install/rover_status/share/rover_status/scripts/scripts/test/test_copyright.py
[1.001s] -- Installing: /home/sai/MRT_Assignments/2/ros2_ws/src/install/rover_status/share/rover_status/scripts/scripts/launch
[1.001s] -- Installing: /home/sai/MRT_Assignments/2/ros2_ws/src/install/rover_status/share/rover_status/scripts/scripts/launch/rover_status_launch.py
[1.002s] -- Installing: /home/sai/MRT_Assignments/2/ros2_ws/src/install/rover_status/share/rover_status/scripts/scripts/launch/__pycache__
[1.002s] -- Installing: /home/sai/MRT_Assignments/2/ros2_ws/src/install/rover_status/share/rover_status/scripts/scripts/launch/__pycache__/launch.cpython-310.pyc
[1.002s] -- Installing: /home/sai/MRT_Assignments/2/ros2_ws/src/install/rover_status/share/rover_status/scripts/scripts/setup.py
[1.002s] -- Installing: /home/sai/MRT_Assignments/2/ros2_ws/src/install/rover_status/share/rover_status/scripts/scripts/setup.cfg
[1.002s] -- Installing: /home/sai/MRT_Assignments/2/ros2_ws/src/install/rover_status/share/rover_status/scripts/scripts/resource
[1.002s] -- Installing: /home/sai/MRT_Assignments/2/ros2_ws/src/install/rover_status/share/rover_status/scripts/scripts/resource/rover_status
[1.002s] -- Installing: /home/sai/MRT_Assignments/2/ros2_ws/src/install/rover_status/share/rover_status/scripts/package.xml
[1.002s] -- Installing: /home/sai/MRT_Assignments/2/ros2_ws/src/install/rover_status/share/rover_status/scripts/rover_status
[1.002s] -- Installing: /home/sai/MRT_Assignments/2/ros2_ws/src/install/rover_status/share/rover_status/scripts/rover_status/status_subscriber.py
[1.002s] -- Installing: /home/sai/MRT_Assignments/2/ros2_ws/src/install/rover_status/share/rover_status/scripts/rover_status/health_stat_pub.py
[1.003s] -- Installing: /home/sai/MRT_Assignments/2/ros2_ws/src/install/rover_status/share/rover_status/scripts/rover_status/bat_temp_pub.py
[1.003s] -- Installing: /home/sai/MRT_Assignments/2/ros2_ws/src/install/rover_status/share/rover_status/scripts/rover_status/__init__.py
[1.003s] -- Installing: /home/sai/MRT_Assignments/2/ros2_ws/src/install/rover_status/share/ament_index/resource_index/package_run_dependencies/rover_status
[1.003s] -- Installing: /home/sai/MRT_Assignments/2/ros2_ws/src/install/rover_status/share/ament_index/resource_index/parent_prefix_path/rover_status
[1.004s] -- Installing: /home/sai/MRT_Assignments/2/ros2_ws/src/install/rover_status/share/rover_status/environment/ament_prefix_path.sh
[1.004s] -- Installing: /home/sai/MRT_Assignments/2/ros2_ws/src/install/rover_status/share/rover_status/environment/ament_prefix_path.dsv
[1.004s] -- Installing: /home/sai/MRT_Assignments/2/ros2_ws/src/install/rover_status/share/rover_status/environment/path.sh
[1.004s] -- Installing: /home/sai/MRT_Assignments/2/ros2_ws/src/install/rover_status/share/rover_status/environment/path.dsv
[1.004s] -- Installing: /home/sai/MRT_Assignments/2/ros2_ws/src/install/rover_status/share/rover_status/local_setup.bash
[1.005s] -- Installing: /home/sai/MRT_Assignments/2/ros2_ws/src/install/rover_status/share/rover_status/local_setup.sh
[1.005s] -- Installing: /home/sai/MRT_Assignments/2/ros2_ws/src/install/rover_status/share/rover_status/local_setup.zsh
[1.005s] -- Installing: /home/sai/MRT_Assignments/2/ros2_ws/src/install/rover_status/share/rover_status/local_setup.dsv
[1.005s] -- Installing: /home/sai/MRT_Assignments/2/ros2_ws/src/install/rover_status/share/rover_status/package.dsv
[1.005s] -- Installing: /home/sai/MRT_Assignments/2/ros2_ws/src/install/rover_status/share/ament_index/resource_index/packages/rover_status
[1.005s] -- Installing: /home/sai/MRT_Assignments/2/ros2_ws/src/install/rover_status/share/rover_status/cmake/rover_statusConfig.cmake
[1.005s] -- Installing: /home/sai/MRT_Assignments/2/ros2_ws/src/install/rover_status/share/rover_status/cmake/rover_statusConfig-version.cmake
[1.005s] -- Installing: /home/sai/MRT_Assignments/2/ros2_ws/src/install/rover_status/share/rover_status/package.xml
[1.007s] Invoked command in '/home/sai/MRT_Assignments/2/ros2_ws/src/build/rover_status' returned '0': /usr/bin/cmake --install /home/sai/MRT_Assignments/2/ros2_ws/src/build/rover_status
